 first_name | last_name 
------------+-----------
 JUDY       | DEAN
 SPENCER    | DEPP
 AL         | GARLAND
 THORA      | TEMPLE
(4 rows)

