       title        
--------------------
 ALABAMA DEVIL
 BOONDOCK BALLROOM
 LORD ARIZONA
 MASK PEACH
 MEET CHOCOLATE
 OLEANDER CLUE
 POTTER CONNECTICUT
 SAINTS BRIDE
 SHAKESPEARE SADDLE
(9 rows)

