        title        
---------------------
 AMERICAN CIRCUS
 ATLANTIS CAUSE
 BRANNIGAN SUNRISE
 CONFESSIONS MAGUIRE
 GAMES BOWFINGER
 GREASE YOUTH
 LANGUAGE COWBOY
 LORD ARIZONA
 PRIMARY GLASS
(9 rows)

